// Jest Snapshot v1, https://goo.gl/fbAQLP

exports[`ImageContainer should render ImageContainer component 1`] = `
<Fragment>
  <div
    className="image-display"
  >
    <img
      alt="img"
      src="test-file-stub"
    />
    <div
      className="image-title"
    >
      Florensis
    </div>
    <div
      className="image-description"
    >
      Rethinking the online ecosystem
    </div>
    <ViewCaseLink
      id="adImage"
      moreDescription="Anim pariatur cliche reprehenderit, enim eiusmod high life accusamus terry richardson ad squid. Nihil anim keffiyeh helvetica, craft beer labore wes anderson cred nesciunt sapiente ea proident."
    />
  </div>
</Fragment>
`;
