// Jest Snapshot v1, https://goo.gl/fbAQLP

exports[`Quote should render Quote component 1`] = `
<Fragment>
  <div
    className="container-fluid quote-style"
  >
    <p>
      “Dept helped us tell our story through a bold new identity and a robust online experience. To the tune of 60% growth in online bookings in just one month.”
    </p>
    <p>
      MATTIJS TEN BRINK – CEO, TRANSAVIA
    </p>
  </div>
</Fragment>
`;
