// Jest Snapshot v1, https://goo.gl/fbAQLP

exports[`ClientSection should render ClientSection component 1`] = `
<Fragment>
  <div
    className="client-style"
  >
    <p
      className="client-title"
    >
      CLIENTS
    </p>
    <p
      className="client-description"
    >
      We value a great working relationship with our clients above all else. It’s why they often come to our parties. It’s also why we’re able to challenge and inspire them to reach for the stars.
    </p>
    <div
      className="client-logos"
    >
      <div>
        <img
          alt="logo"
          src="test-file-stub"
        />
      </div>
      <div>
        <img
          alt="logo"
          src="test-file-stub"
        />
      </div>
      <div>
        <img
          alt="logo"
          src="test-file-stub"
        />
      </div>
      <div>
        <img
          alt="logo"
          src="test-file-stub"
        />
      </div>
      <div>
        <img
          alt="logo"
          src="test-file-stub"
        />
      </div>
      <div>
        <img
          alt="logo"
          src="test-file-stub"
        />
      </div>
      <div
        className="hide-on-phone"
      >
        <img
          alt="logo"
          src="test-file-stub"
        />
      </div>
      <div
        className="hide-on-phone"
      >
        <img
          alt="logo"
          src="test-file-stub"
        />
      </div>
      <div
        className="hide-on-phone"
      >
        <img
          alt="logo"
          src="test-file-stub"
        />
      </div>
      <div
        className="hide-on-phone"
      >
        <img
          alt="logo"
          src="test-file-stub"
        />
      </div>
      <div
        className="hide-on-phone"
      >
        <img
          alt="logo"
          src="test-file-stub"
        />
      </div>
      <div
        className="hide-on-phone"
      >
        <img
          alt="logo"
          src="test-file-stub"
        />
      </div>
      <div
        className="hide-on-phone"
      >
        <img
          alt="logo"
          src="test-file-stub"
        />
      </div>
      <div
        className="hide-on-phone"
      >
        <img
          alt="logo"
          src="test-file-stub"
        />
      </div>
      <div
        className="hide-on-phone"
      >
        <img
          alt="logo"
          src="test-file-stub"
        />
      </div>
      <div
        className="hide-on-phone"
      >
        <img
          alt="logo"
          src="test-file-stub"
        />
      </div>
    </div>
  </div>
</Fragment>
`;
